combined 17 task statistics into /HOME/sysu_xdliang/sysu_xdliang_1/HDD_POOL/Humanoid/yangky/baseline_experiments/state/simple_multitask_stats.json
[11:40:03 07/13] INFO     | >> [*] === Environment Variables ===    train.py:335
                 INFO     | >> [*] OMP_NUM_THREADS: 16              train.py:345
                 INFO     | >> [*] HF_HOME:                         train.py:345
                          /HOME/sysu_xdliang/sysu_xdliang_1/HDD_POO             
                          L/Humanoid/yangky/Psi0/cache                          
                 INFO     | >> [*] TORCH_HOME:                      train.py:345
                          /HOME/sysu_xdliang/sysu_xdliang_1/HDD_POO             
                          L/Humanoid/yangky/Psi0/cache                          
                 INFO     | >> [*] HF_TOKEN:                        train.py:345
                 INFO     | >> [*] HF_LEROBOT_HOME:                 train.py:345
                          /HOME/sysu_xdliang/sysu_xdliang_1/HDD_POO             
                          L/Humanoid/yangky/Psi0/data/lerobot                   
                 INFO     | >> [*] DATA_HOME:                       train.py:345
                          /HOME/sysu_xdliang/sysu_xdliang_1/HDD_POO             
                          L/Humanoid/yangky/Psi0/data                           
                 INFO     | >> [*] UV_CACHE_DIR:                    train.py:345
                          /HOME/sysu_xdliang/sysu_xdliang_1/HDD_POO             
                          L/Humanoid/yangky/Psi0/cache/uv                       
                 INFO     | >> [*] WANDB_API_KEY:                   train.py:345
                 INFO     | >> [*]                                  train.py:345
                          PROTOCOL_BUFFERS_PYTHON_IMPLEMENTATION:               
                          python                                                
                 INFO     | >> [*] CUDA_VISIBLE_DEVICES: 0          train.py:345
                 INFO     | >> [*] WORLD_SIZE: 1                    train.py:345
                 INFO     | >> [*] LOCAL_WORLD_SIZE: 1              train.py:345
                 INFO     | >> [*] RANK: 0                          train.py:345
                 INFO     | >> [*] LOCAL_RANK: 0                    train.py:345
                 INFO     | >> [*] MASTER_ADDR:                     train.py:345
                          pytorch-ng-13155124-ktk9g                             
                 INFO     | >> [*] MASTER_PORT: 45135               train.py:345
                 INFO     | >> [*] Parsing configuration...         train.py:351
[11:40:05 07/13] INFO     | >> [*] Config parsing took 2.21s        train.py:363
[11:40:06 07/13] INFO     | >> [*] Seed everything with 292285      train.py:174
[11:40:09 07/13] INFO     | >> [*] Initialize models ...            train.py:178
[11:40:10 07/13] INFO     | >> [*] Load pretrained VLM model from finetune.py:98
                          /HOME/sysu_xdliang/sysu_xdliang_1/HDD_P               
                          OOL/Humanoid/yangky/Psi0/cache/checkpoi               
                          nts/psi0/pre.fast.1by1.2601091803.ckpt.               
                          ego200k.he30k                                         
[11:40:14 07/13] INFO     | >> [*] Total ActionTransformerModel     psi0.py:1510
                          parameters: 497,719,256                               
                 INFO     | >> [*] Total VLM Backbone parameters:   psi0.py:1514
                          2,131,333,120                                         
                 INFO     | >> [*] Loading pretrained action     finetune.py:129
                          header from                                           
                          /HOME/sysu_xdliang/sysu_xdliang_1/HDD_                
                          POOL/Humanoid/yangky/Psi0/cache/checkp                
                          oints/psi0/postpre.1by1.pad36.26011312                
                          06.ckpt.he30k                                         
[11:40:15 07/13] WARNING  | >> [*] action header size mismatch,  finetune.py:131
                          only loaded transformer blocks.                       
                 INFO     | >> [*] loaded pretrained action      finetune.py:134
                          header successfully.                                  
                 INFO     | >> [*] VLM parameters are frozen     finetune.py:147
                          (tune_vlm=False)                                      
                 INFO     | >> [*] Model has 490,039,128         finetune.py:159
                          trainable parameters                                  
[rank0]: Traceback (most recent call last):
[rank0]:   File "/XYAIFS00/HDD_POOL/sysu_xdliang/sysu_xdliang_1/Humanoid/yangky/Psi0/scripts/train.py", line 364, in <module>
[rank0]:     train(config) # type: ignore
[rank0]:   File "/XYAIFS00/HDD_POOL/sysu_xdliang/sysu_xdliang_1/Humanoid/yangky/Psi0/scripts/train.py", line 180, in train
[rank0]:     accelerator = _initialize_accelerator(trainer)
[rank0]:   File "/XYAIFS00/HDD_POOL/sysu_xdliang/sysu_xdliang_1/Humanoid/yangky/Psi0/scripts/train.py", line 61, in _initialize_accelerator
[rank0]:     accelerator = Accelerator(
[rank0]:   File "/HOME/sysu_xdliang/sysu_xdliang_1/HDD_POOL/Humanoid/yangky/Psi0/.venv-psi/lib/python3.10/site-packages/accelerate/accelerator.py", line 496, in __init__
[rank0]:     trackers = filter_trackers(log_with, self.logging_dir)
[rank0]:   File "/HOME/sysu_xdliang/sysu_xdliang_1/HDD_POOL/Humanoid/yangky/Psi0/.venv-psi/lib/python3.10/site-packages/accelerate/tracking.py", line 1072, in filter_trackers
[rank0]:     raise ValueError(f"Unsupported logging capability: {log_type}. Choose between {LoggerType.list()}")
[rank0]: ValueError: Unsupported logging capability: none. Choose between ['all', 'aim', 'tensorboard', 'wandb', 'comet_ml', 'mlflow', 'clearml', 'dvclive']
[rank0]:[W713 11:40:16.162117272 ProcessGroupNCCL.cpp:1476] Warning: WARNING: destroy_process_group() was not called before program exit, which can leak resources. For more info, please see https://pytorch.org/docs/stable/distributed.html#shutdown (function operator())
E0713 11:40:17.153000 11675 /XYAIFS00/HDD_POOL/sysu_xdliang/sysu_xdliang_1/Humanoid/yangky/Psi0/.venv-psi/lib/python3.10/site-packages/torch/distributed/elastic/multiprocessing/api.py:874] failed (exitcode: 1) local_rank: 0 (pid: 11694) of binary: /HOME/sysu_xdliang/sysu_xdliang_1/HDD_POOL/Humanoid/yangky/Psi0/.venv-psi/bin/python3
Traceback (most recent call last):
  File "/XYAIFS00/HDD_POOL/sysu_xdliang/sysu_xdliang_1/Humanoid/yangky/Psi0/.venv-psi/bin/torchrun", line 10, in <module>
    sys.exit(main())
  File "/HOME/sysu_xdliang/sysu_xdliang_1/HDD_POOL/Humanoid/yangky/Psi0/.venv-psi/lib/python3.10/site-packages/torch/distributed/elastic/multiprocessing/errors/__init__.py", line 355, in wrapper
    return f(*args, **kwargs)
  File "/HOME/sysu_xdliang/sysu_xdliang_1/HDD_POOL/Humanoid/yangky/Psi0/.venv-psi/lib/python3.10/site-packages/torch/distributed/run.py", line 892, in main
    run(args)
  File "/HOME/sysu_xdliang/sysu_xdliang_1/HDD_POOL/Humanoid/yangky/Psi0/.venv-psi/lib/python3.10/site-packages/torch/distributed/run.py", line 883, in run
    elastic_launch(
  File "/HOME/sysu_xdliang/sysu_xdliang_1/HDD_POOL/Humanoid/yangky/Psi0/.venv-psi/lib/python3.10/site-packages/torch/distributed/launcher/api.py", line 139, in __call__
    return launch_agent(self._config, self._entrypoint, list(args))
  File "/HOME/sysu_xdliang/sysu_xdliang_1/HDD_POOL/Humanoid/yangky/Psi0/.venv-psi/lib/python3.10/site-packages/torch/distributed/launcher/api.py", line 270, in launch_agent
    raise ChildFailedError(
torch.distributed.elastic.multiprocessing.errors.ChildFailedError: 
============================================================
scripts/train.py FAILED
------------------------------------------------------------
Failures:
  <NO_OTHER_FAILURES>
------------------------------------------------------------
Root Cause (first observed failure):
[0]:
  time      : 2026-07-13_11:40:17
  host      : pytorch-ng-13155124-ktk9g
  rank      : 0 (local_rank: 0)
  exitcode  : 1 (pid: 11694)
  error_file: <N/A>
  traceback : To enable traceback see: https://pytorch.org/docs/stable/elastic/errors.html
============================================================
