[2026-07-13T10:57:55+00:00] waiting for environment/data/checkpoints
[2026-07-13T10:58:25+00:00] waiting for environment/data/checkpoints
[2026-07-13T10:58:55+00:00] waiting for environment/data/checkpoints
[2026-07-13T10:59:25+00:00] waiting for environment/data/checkpoints
[2026-07-13T10:59:55+00:00] waiting for environment/data/checkpoints
[2026-07-13T11:00:25+00:00] waiting for environment/data/checkpoints
[2026-07-13T11:00:55+00:00] waiting for environment/data/checkpoints
[2026-07-13T11:01:25+00:00] waiting for environment/data/checkpoints
[2026-07-13T11:01:55+00:00] waiting for environment/data/checkpoints
[2026-07-13T11:02:25+00:00] waiting for environment/data/checkpoints
[2026-07-13T11:02:55+00:00] waiting for environment/data/checkpoints
[2026-07-13T11:03:25+00:00] waiting for environment/data/checkpoints
[2026-07-13T11:03:55+00:00] waiting for environment/data/checkpoints
[2026-07-13T11:04:25+00:00] waiting for environment/data/checkpoints
[2026-07-13T11:04:55+00:00] waiting for environment/data/checkpoints
[2026-07-13T11:05:25+00:00] waiting for environment/data/checkpoints
[2026-07-13T11:05:55+00:00] waiting for environment/data/checkpoints
[2026-07-13T11:06:25+00:00] waiting for environment/data/checkpoints
[2026-07-13T11:06:55+00:00] waiting for environment/data/checkpoints
[2026-07-13T11:07:25+00:00] waiting for environment/data/checkpoints
[2026-07-13T11:07:55+00:00] waiting for environment/data/checkpoints
[2026-07-13T11:08:25+00:00] waiting for environment/data/checkpoints
[2026-07-13T11:08:55+00:00] waiting for environment/data/checkpoints
[2026-07-13T11:09:25+00:00] waiting for environment/data/checkpoints
[2026-07-13T11:09:56+00:00] waiting for environment/data/checkpoints
[2026-07-13T11:10:26+00:00] waiting for environment/data/checkpoints
[2026-07-13T11:10:56+00:00] waiting for environment/data/checkpoints
[2026-07-13T11:11:26+00:00] waiting for environment/data/checkpoints
[2026-07-13T11:11:56+00:00] waiting for environment/data/checkpoints
[2026-07-13T11:12:26+00:00] waiting for environment/data/checkpoints
[2026-07-13T11:12:56+00:00] waiting for environment/data/checkpoints
[2026-07-13T11:13:26+00:00] waiting for environment/data/checkpoints
[2026-07-13T11:13:56+00:00] waiting for environment/data/checkpoints
[2026-07-13T11:14:26+00:00] waiting for environment/data/checkpoints
[2026-07-13T11:14:56+00:00] waiting for environment/data/checkpoints
[2026-07-13T11:15:26+00:00] waiting for environment/data/checkpoints
[2026-07-13T11:15:56+00:00] waiting for environment/data/checkpoints
[2026-07-13T11:16:26+00:00] waiting for environment/data/checkpoints
[2026-07-13T11:16:56+00:00] waiting for environment/data/checkpoints
[2026-07-13T11:17:26+00:00] waiting for environment/data/checkpoints
[2026-07-13T11:17:56+00:00] waiting for environment/data/checkpoints
[2026-07-13T11:18:26+00:00] waiting for environment/data/checkpoints
[2026-07-13T11:18:56+00:00] waiting for environment/data/checkpoints
[2026-07-13T11:19:26+00:00] waiting for environment/data/checkpoints
[2026-07-13T11:19:56+00:00] waiting for environment/data/checkpoints
[2026-07-13T11:20:26+00:00] waiting for environment/data/checkpoints
[2026-07-13T11:20:56+00:00] waiting for environment/data/checkpoints
[2026-07-13T11:21:26+00:00] waiting for environment/data/checkpoints
[2026-07-13T11:21:56+00:00] waiting for environment/data/checkpoints
[2026-07-13T11:22:26+00:00] waiting for environment/data/checkpoints
[2026-07-13T11:22:56+00:00] waiting for environment/data/checkpoints
[2026-07-13T11:23:26+00:00] waiting for environment/data/checkpoints
[2026-07-13T11:23:56+00:00] waiting for environment/data/checkpoints
[2026-07-13T11:24:26+00:00] waiting for environment/data/checkpoints
[2026-07-13T11:24:56+00:00] waiting for environment/data/checkpoints
[2026-07-13T11:25:26+00:00] waiting for environment/data/checkpoints
[2026-07-13T11:25:56+00:00] waiting for environment/data/checkpoints
[2026-07-13T11:26:26+00:00] waiting for environment/data/checkpoints
[2026-07-13T11:26:56+00:00] waiting for environment/data/checkpoints
[2026-07-13T11:27:26+00:00] waiting for environment/data/checkpoints
[2026-07-13T11:27:56+00:00] waiting for environment/data/checkpoints
[2026-07-13T11:28:26+00:00] waiting for environment/data/checkpoints
[2026-07-13T11:28:56+00:00] waiting for environment/data/checkpoints
[2026-07-13T11:29:26+00:00] waiting for environment/data/checkpoints
[2026-07-13T11:29:56+00:00] waiting for environment/data/checkpoints
[2026-07-13T11:30:26+00:00] waiting for environment/data/checkpoints
[2026-07-13T11:30:56+00:00] waiting for environment/data/checkpoints
[2026-07-13T11:31:26+00:00] waiting for environment/data/checkpoints
[2026-07-13T11:31:56+00:00] waiting for environment/data/checkpoints
[2026-07-13T11:32:26+00:00] waiting for environment/data/checkpoints
[2026-07-13T11:32:56+00:00] waiting for environment/data/checkpoints
[2026-07-13T11:33:26+00:00] waiting for environment/data/checkpoints
[2026-07-13T11:33:56+00:00] waiting for environment/data/checkpoints
[2026-07-13T11:34:26+00:00] waiting for environment/data/checkpoints
[2026-07-13T11:34:56+00:00] waiting for environment/data/checkpoints
[2026-07-13T11:35:26+00:00] waiting for environment/data/checkpoints
[2026-07-13T11:35:56+00:00] waiting for environment/data/checkpoints
[2026-07-13T11:36:26+00:00] waiting for environment/data/checkpoints
[2026-07-13T11:36:56+00:00] waiting for environment/data/checkpoints
combined 17 task statistics into /HOME/sysu_xdliang/sysu_xdliang_1/HDD_POOL/Humanoid/yangky/baseline_experiments/state/simple_multitask_stats.json
[11:37:39 07/13] INFO     | >> [*] === Environment Variables ===    train.py:335
                 INFO     | >> [*] OMP_NUM_THREADS: 16              train.py:345
                 INFO     | >> [*] HF_HOME:                         train.py:345
                          /HOME/sysu_xdliang/sysu_xdliang_1/HDD_POO             
                          L/Humanoid/yangky/Psi0/cache                          
                 INFO     | >> [*] TORCH_HOME:                      train.py:345
                          /HOME/sysu_xdliang/sysu_xdliang_1/HDD_POO             
                          L/Humanoid/yangky/Psi0/cache                          
                 INFO     | >> [*] HF_TOKEN:                        train.py:345
[11:37:40 07/13] INFO     | >> [*] HF_LEROBOT_HOME:                 train.py:345
                          /HOME/sysu_xdliang/sysu_xdliang_1/HDD_POO             
                          L/Humanoid/yangky/Psi0/data/lerobot                   
                 INFO     | >> [*] DATA_HOME:                       train.py:345
                          /HOME/sysu_xdliang/sysu_xdliang_1/HDD_POO             
                          L/Humanoid/yangky/Psi0/data                           
                 INFO     | >> [*] UV_CACHE_DIR:                    train.py:345
                          /HOME/sysu_xdliang/sysu_xdliang_1/HDD_POO             
                          L/Humanoid/yangky/Psi0/cache/uv                       
                 INFO     | >> [*] WANDB_API_KEY:                   train.py:345
                 INFO     | >> [*]                                  train.py:345
                          PROTOCOL_BUFFERS_PYTHON_IMPLEMENTATION:               
                          python                                                
                 INFO     | >> [*] CUDA_VISIBLE_DEVICES: 0          train.py:345
                 INFO     | >> [*] WORLD_SIZE: 1                    train.py:345
                 INFO     | >> [*] LOCAL_WORLD_SIZE: 1              train.py:345
                 INFO     | >> [*] RANK: 0                          train.py:345
                 INFO     | >> [*] LOCAL_RANK: 0                    train.py:345
                 INFO     | >> [*] MASTER_ADDR:                     train.py:345
                          pytorch-ng-13155124-ktk9g                             
                 INFO     | >> [*] MASTER_PORT: 39657               train.py:345
                 INFO     | >> [*] Parsing configuration...         train.py:351
[11:37:45 07/13] INFO     | >> [*] Config parsing took 5.62s        train.py:363
                 INFO     | >> [*] Seed everything with 292285      train.py:174
[11:37:56 07/13] INFO     | >> [*] Initialize models ...            train.py:178
Traceback (most recent call last):
  File "/XYAIFS00/HDD_POOL/sysu_xdliang/sysu_xdliang_1/Humanoid/yangky/Psi0/scripts/train.py", line 364, in <module>
    train(config) # type: ignore
  File "/XYAIFS00/HDD_POOL/sysu_xdliang/sysu_xdliang_1/Humanoid/yangky/Psi0/scripts/train.py", line 179, in train
    trainer.init_models()
  File "/XYAIFS00/HDD_POOL/sysu_xdliang/sysu_xdliang_1/Humanoid/yangky/Psi0/src/psi/trainers/finetune.py", line 109, in init_models
    vlm_model = self.init_qwen3vl_models()
  File "/XYAIFS00/HDD_POOL/sysu_xdliang/sysu_xdliang_1/Humanoid/yangky/Psi0/src/psi/trainers/finetune.py", line 93, in init_qwen3vl_models
    vlm_model = Qwen3VLForConditionalGeneration.from_pretrained(
  File "/HOME/sysu_xdliang/sysu_xdliang_1/HDD_POOL/Humanoid/yangky/Psi0/.venv-psi/lib/python3.10/site-packages/transformers/modeling_utils.py", line 277, in _wrapper
    return func(*args, **kwargs)
  File "/HOME/sysu_xdliang/sysu_xdliang_1/HDD_POOL/Humanoid/yangky/Psi0/.venv-psi/lib/python3.10/site-packages/transformers/modeling_utils.py", line 4974, in from_pretrained
    model = cls(config, *model_args, **model_kwargs)
  File "/HOME/sysu_xdliang/sysu_xdliang_1/HDD_POOL/Humanoid/yangky/Psi0/.venv-psi/lib/python3.10/site-packages/transformers/models/qwen3_vl/modeling_qwen3_vl.py", line 1279, in __init__
    super().__init__(config)
  File "/HOME/sysu_xdliang/sysu_xdliang_1/HDD_POOL/Humanoid/yangky/Psi0/.venv-psi/lib/python3.10/site-packages/transformers/modeling_utils.py", line 2080, in __init__
    self.config._attn_implementation_internal = self._check_and_adjust_attn_implementation(
  File "/HOME/sysu_xdliang/sysu_xdliang_1/HDD_POOL/Humanoid/yangky/Psi0/.venv-psi/lib/python3.10/site-packages/transformers/modeling_utils.py", line 2690, in _check_and_adjust_attn_implementation
    applicable_attn_implementation = self.get_correct_attn_implementation(
  File "/HOME/sysu_xdliang/sysu_xdliang_1/HDD_POOL/Humanoid/yangky/Psi0/.venv-psi/lib/python3.10/site-packages/transformers/modeling_utils.py", line 2718, in get_correct_attn_implementation
    self._flash_attn_2_can_dispatch(is_init_check)
  File "/HOME/sysu_xdliang/sysu_xdliang_1/HDD_POOL/Humanoid/yangky/Psi0/.venv-psi/lib/python3.10/site-packages/transformers/modeling_utils.py", line 2426, in _flash_attn_2_can_dispatch
    raise ImportError(f"{preface} the package flash_attn seems to be not installed. {install_message}")
ImportError: FlashAttention2 has been toggled on, but it cannot be used due to the following error: the package flash_attn seems to be not installed. Please refer to the documentation of https://huggingface.co/docs/transformers/perf_infer_gpu_one#flashattention-2 to install Flash Attention 2.
E0713 11:37:57.951000 11393 /XYAIFS00/HDD_POOL/sysu_xdliang/sysu_xdliang_1/Humanoid/yangky/Psi0/.venv-psi/lib/python3.10/site-packages/torch/distributed/elastic/multiprocessing/api.py:874] failed (exitcode: 1) local_rank: 0 (pid: 11436) of binary: /HOME/sysu_xdliang/sysu_xdliang_1/HDD_POOL/Humanoid/yangky/Psi0/.venv-psi/bin/python3
Traceback (most recent call last):
  File "/XYAIFS00/HDD_POOL/sysu_xdliang/sysu_xdliang_1/Humanoid/yangky/Psi0/.venv-psi/bin/torchrun", line 10, in <module>
    sys.exit(main())
  File "/HOME/sysu_xdliang/sysu_xdliang_1/HDD_POOL/Humanoid/yangky/Psi0/.venv-psi/lib/python3.10/site-packages/torch/distributed/elastic/multiprocessing/errors/__init__.py", line 355, in wrapper
    return f(*args, **kwargs)
  File "/HOME/sysu_xdliang/sysu_xdliang_1/HDD_POOL/Humanoid/yangky/Psi0/.venv-psi/lib/python3.10/site-packages/torch/distributed/run.py", line 892, in main
    run(args)
  File "/HOME/sysu_xdliang/sysu_xdliang_1/HDD_POOL/Humanoid/yangky/Psi0/.venv-psi/lib/python3.10/site-packages/torch/distributed/run.py", line 883, in run
    elastic_launch(
  File "/HOME/sysu_xdliang/sysu_xdliang_1/HDD_POOL/Humanoid/yangky/Psi0/.venv-psi/lib/python3.10/site-packages/torch/distributed/launcher/api.py", line 139, in __call__
    return launch_agent(self._config, self._entrypoint, list(args))
  File "/HOME/sysu_xdliang/sysu_xdliang_1/HDD_POOL/Humanoid/yangky/Psi0/.venv-psi/lib/python3.10/site-packages/torch/distributed/launcher/api.py", line 270, in launch_agent
    raise ChildFailedError(
torch.distributed.elastic.multiprocessing.errors.ChildFailedError: 
============================================================
scripts/train.py FAILED
------------------------------------------------------------
Failures:
  <NO_OTHER_FAILURES>
------------------------------------------------------------
Root Cause (first observed failure):
[0]:
  time      : 2026-07-13_11:37:57
  host      : pytorch-ng-13155124-ktk9g
  rank      : 0 (local_rank: 0)
  exitcode  : 1 (pid: 11436)
  error_file: <N/A>
  traceback : To enable traceback see: https://pytorch.org/docs/stable/elastic/errors.html
============================================================
